converting counts to integer mode
converting counts to integer mode
converting counts to integer mode
converting counts to integer mode
converting counts to integer mode
converting counts to integer mode
converting counts to integer mode
converting counts to integer mode

=====================================================
Running comparison: RT0_ZT6
=====================================================

=====================================================
Running comparison: RT2_ZT8
=====================================================

=====================================================
Running comparison: RT4_ZT10
=====================================================

=====================================================
Running comparison: RT8_ZT14
=====================================================

=====================================================
Pipeline complete.
Output directory:
/root/REAPER98632/exports/EVS_HBFSS_AllComparisons_Output 
=====================================================

No comparison summaries were written. Check failed_comparisons.csv for the exact error message.
Git push successful.
