converting counts to integer mode
converting counts to integer mode
converting counts to integer mode
converting counts to integer mode
converting counts to integer mode
converting counts to integer mode
converting counts to integer mode
converting counts to integer mode
Warning messages:
1: Removed 4 rows containing missing values or values outside the scale range
(`geom_point()`). 
2: Removed 4 rows containing missing values or values outside the scale range
(`geom_line()`). 

=====================================================
Running comparison: RT0_ZT6
=====================================================
[RT0_ZT6] final rank mode: combined_comparison_rank
[RT0_ZT6] final rank used: 3155
[RT0_ZT6] raw rows: 31757
[RT0_ZT6] leading-edge rows: 3155
[RT0_ZT6] remainder rows: 28398
[RT0_ZT6][raw_dataset] rows=31757 cols=10
converting counts to integer mode
using 'apeglm' for LFC shrinkage. If used in published research, please cite:
    Zhu, A., Ibrahim, J.G., Love, M.I. (2018) Heavy-tailed prior distributions for
    sequence count data: removing the noise and preserving large differences.
    Bioinformatics. https://doi.org/10.1093/bioinformatics/bty895
[RT0_ZT6][leading_edge_dataset] rows=3155 cols=10
converting counts to integer mode
using 'apeglm' for LFC shrinkage. If used in published research, please cite:
    Zhu, A., Ibrahim, J.G., Love, M.I. (2018) Heavy-tailed prior distributions for
    sequence count data: removing the noise and preserving large differences.
    Bioinformatics. https://doi.org/10.1093/bioinformatics/bty895
Some rows did not converge in finding the MAP
[RT0_ZT6][remainder_dataset] rows=28398 cols=10
converting counts to integer mode
using 'apeglm' for LFC shrinkage. If used in published research, please cite:
    Zhu, A., Ibrahim, J.G., Love, M.I. (2018) Heavy-tailed prior distributions for
    sequence count data: removing the noise and preserving large differences.
    Bioinformatics. https://doi.org/10.1093/bioinformatics/bty895

=====================================================
Running comparison: RT2_ZT8
=====================================================
[RT2_ZT8] final rank mode: combined_comparison_rank
[RT2_ZT8] final rank used: 3153
[RT2_ZT8] raw rows: 31757
[RT2_ZT8] leading-edge rows: 3153
[RT2_ZT8] remainder rows: 28381
[RT2_ZT8][raw_dataset] rows=31757 cols=10
converting counts to integer mode
using 'apeglm' for LFC shrinkage. If used in published research, please cite:
    Zhu, A., Ibrahim, J.G., Love, M.I. (2018) Heavy-tailed prior distributions for
    sequence count data: removing the noise and preserving large differences.
    Bioinformatics. https://doi.org/10.1093/bioinformatics/bty895
Some rows did not converge in finding the MAP
[RT2_ZT8][leading_edge_dataset] rows=3153 cols=10
converting counts to integer mode
using 'apeglm' for LFC shrinkage. If used in published research, please cite:
    Zhu, A., Ibrahim, J.G., Love, M.I. (2018) Heavy-tailed prior distributions for
    sequence count data: removing the noise and preserving large differences.
    Bioinformatics. https://doi.org/10.1093/bioinformatics/bty895
Some rows did not converge in finding the MAP
[RT2_ZT8_leading_edge_dataset] HC threshold rejected for HBFSS calibration (value=0.997924; cutoff=0.95)
[RT2_ZT8][remainder_dataset] rows=28381 cols=10
converting counts to integer mode
using 'apeglm' for LFC shrinkage. If used in published research, please cite:
    Zhu, A., Ibrahim, J.G., Love, M.I. (2018) Heavy-tailed prior distributions for
    sequence count data: removing the noise and preserving large differences.
    Bioinformatics. https://doi.org/10.1093/bioinformatics/bty895
Some rows did not converge in finding the MAP

=====================================================
Running comparison: RT4_ZT10
=====================================================
[RT4_ZT10] final rank mode: combined_comparison_rank
[RT4_ZT10] final rank used: 3166
[RT4_ZT10] raw rows: 31757
[RT4_ZT10] leading-edge rows: 3166
[RT4_ZT10] remainder rows: 28492
[RT4_ZT10][raw_dataset] rows=31757 cols=10
converting counts to integer mode
using 'apeglm' for LFC shrinkage. If used in published research, please cite:
    Zhu, A., Ibrahim, J.G., Love, M.I. (2018) Heavy-tailed prior distributions for
    sequence count data: removing the noise and preserving large differences.
    Bioinformatics. https://doi.org/10.1093/bioinformatics/bty895
[RT4_ZT10][leading_edge_dataset] rows=3166 cols=10
converting counts to integer mode
using 'apeglm' for LFC shrinkage. If used in published research, please cite:
    Zhu, A., Ibrahim, J.G., Love, M.I. (2018) Heavy-tailed prior distributions for
    sequence count data: removing the noise and preserving large differences.
    Bioinformatics. https://doi.org/10.1093/bioinformatics/bty895
Some rows did not converge in finding the MAP
[RT4_ZT10][remainder_dataset] rows=28492 cols=10
converting counts to integer mode
using 'apeglm' for LFC shrinkage. If used in published research, please cite:
    Zhu, A., Ibrahim, J.G., Love, M.I. (2018) Heavy-tailed prior distributions for
    sequence count data: removing the noise and preserving large differences.
    Bioinformatics. https://doi.org/10.1093/bioinformatics/bty895

=====================================================
Running comparison: RT8_ZT14
=====================================================
[RT8_ZT14] final rank mode: combined_comparison_rank
[RT8_ZT14] final rank used: 3158
[RT8_ZT14] raw rows: 31757
[RT8_ZT14] leading-edge rows: 3158
[RT8_ZT14] remainder rows: 28422
[RT8_ZT14][raw_dataset] rows=31757 cols=10
converting counts to integer mode
using 'apeglm' for LFC shrinkage. If used in published research, please cite:
    Zhu, A., Ibrahim, J.G., Love, M.I. (2018) Heavy-tailed prior distributions for
    sequence count data: removing the noise and preserving large differences.
    Bioinformatics. https://doi.org/10.1093/bioinformatics/bty895
[RT8_ZT14][leading_edge_dataset] rows=3158 cols=10
converting counts to integer mode
using 'apeglm' for LFC shrinkage. If used in published research, please cite:
    Zhu, A., Ibrahim, J.G., Love, M.I. (2018) Heavy-tailed prior distributions for
    sequence count data: removing the noise and preserving large differences.
    Bioinformatics. https://doi.org/10.1093/bioinformatics/bty895
Some rows did not converge in finding the MAP
[RT8_ZT14][remainder_dataset] rows=28422 cols=10
converting counts to integer mode
using 'apeglm' for LFC shrinkage. If used in published research, please cite:
    Zhu, A., Ibrahim, J.G., Love, M.I. (2018) Heavy-tailed prior distributions for
    sequence count data: removing the noise and preserving large differences.
    Bioinformatics. https://doi.org/10.1093/bioinformatics/bty895
There were 50 or more warnings (use warnings() to see the first 50)

=====================================================
Pipeline complete.
Output directory:
/root/REAPER98632/exports/EVS_HBFSS_AllComparisons_Output 
=====================================================

   comparison_name                  dataset_name         dataset_type
1          RT0_ZT6           RT0_ZT6_raw_dataset          raw_dataset
2          RT0_ZT6  RT0_ZT6_leading_edge_dataset leading_edge_dataset
3          RT0_ZT6     RT0_ZT6_remainder_dataset    remainder_dataset
4          RT2_ZT8           RT2_ZT8_raw_dataset          raw_dataset
5          RT2_ZT8  RT2_ZT8_leading_edge_dataset leading_edge_dataset
6          RT2_ZT8     RT2_ZT8_remainder_dataset    remainder_dataset
7         RT4_ZT10          RT4_ZT10_raw_dataset          raw_dataset
8         RT4_ZT10 RT4_ZT10_leading_edge_dataset leading_edge_dataset
9         RT4_ZT10    RT4_ZT10_remainder_dataset    remainder_dataset
10        RT8_ZT14          RT8_ZT14_raw_dataset          raw_dataset
11        RT8_ZT14 RT8_ZT14_leading_edge_dataset leading_edge_dataset
12        RT8_ZT14    RT8_ZT14_remainder_dataset    remainder_dataset
                                      ranking_space final_analysis_space
1  Normalized before EVS | combined comparison rank           Raw counts
2  Normalized before EVS | combined comparison rank           Raw counts
3  Normalized before EVS | combined comparison rank           Raw counts
4  Normalized before EVS | combined comparison rank           Raw counts
5  Normalized before EVS | combined comparison rank           Raw counts
6  Normalized before EVS | combined comparison rank           Raw counts
7  Normalized before EVS | combined comparison rank           Raw counts
8  Normalized before EVS | combined comparison rank           Raw counts
9  Normalized before EVS | combined comparison rank           Raw counts
10 Normalized before EVS | combined comparison rank           Raw counts
11 Normalized before EVS | combined comparison rank           Raw counts
12 Normalized before EVS | combined comparison rank           Raw counts
   n_features hc_p_threshold hbfss_threshold n_standard_significant
1       31553   0.0005325461       3.2736428                      3
2        3155   0.1481150533       0.8294008                      0
3       28398   0.0005665394       3.2467699                      3
4       31534   0.0136775582       1.8639914                      0
5        3153             NA              NA                      0
6       28381   0.0126753864       1.8970388                      0
7       31658   0.0223630002       1.6504699                     39
8        3166   0.0339799752       1.4687769                      0
9       28492   0.0545468845       1.2632300                     44
10      31580   0.0186581006       1.7291326                      0
11       3158   0.0030445263       2.5164803                      0
12      28422   0.0151922696       1.8183773                      0
   n_HBFSS_significant n_overlap_significant n_strong_effect n_weak_effect
1                   34                     3               3          3469
2                    0                     0               0             0
3                   32                     3               3          3683
4                    8                     0               0          7704
5                    0                     0               0             0
6                   12                     0               0          8058
7                 1101                    39              41          6128
8                    8                     0               0             0
9                 1377                    44              46          6384
10                  77                     0               0          8714
11                   1                     0               0             0
12                  81                     0               0          8999
                                evs_selection_space evs_dispersion_source
1  Normalized before EVS | combined comparison rank           dispGeneEst
2  Normalized before EVS | combined comparison rank           dispGeneEst
3  Normalized before EVS | combined comparison rank           dispGeneEst
4  Normalized before EVS | combined comparison rank           dispGeneEst
5  Normalized before EVS | combined comparison rank           dispGeneEst
6  Normalized before EVS | combined comparison rank           dispGeneEst
7  Normalized before EVS | combined comparison rank           dispGeneEst
8  Normalized before EVS | combined comparison rank           dispGeneEst
9  Normalized before EVS | combined comparison rank           dispGeneEst
10 Normalized before EVS | combined comparison rank           dispGeneEst
11 Normalized before EVS | combined comparison rank           dispGeneEst
12 Normalized before EVS | combined comparison rank           dispGeneEst
        evs_final_rank_mode final_rank_used combined_loading_rule
1  combined_comparison_rank            3155                   max
2  combined_comparison_rank            3155                   max
3  combined_comparison_rank            3155                   max
4  combined_comparison_rank            3153                   max
5  combined_comparison_rank            3153                   max
6  combined_comparison_rank            3153                   max
7  combined_comparison_rank            3166                   max
8  combined_comparison_rank            3166                   max
9  combined_comparison_rank            3166                   max
10 combined_comparison_rank            3158                   max
11 combined_comparison_rank            3158                   max
12 combined_comparison_rank            3158                   max
   model_selection_mode_used                  cutoff_method cutoff_quantile
1          fraction_fallback deseq2_nb_regime_combined_rank       0.9000095
2          fraction_fallback deseq2_nb_regime_combined_rank       0.9000095
3          fraction_fallback deseq2_nb_regime_combined_rank       0.9000095
4          fraction_fallback deseq2_nb_regime_combined_rank       0.9000127
5          fraction_fallback deseq2_nb_regime_combined_rank       0.9000127
6          fraction_fallback deseq2_nb_regime_combined_rank       0.9000127
7          fraction_fallback deseq2_nb_regime_combined_rank       0.8999937
8          fraction_fallback deseq2_nb_regime_combined_rank       0.8999937
9          fraction_fallback deseq2_nb_regime_combined_rank       0.8999937
10         fraction_fallback deseq2_nb_regime_combined_rank       0.9000000
11         fraction_fallback deseq2_nb_regime_combined_rank       0.9000000
12         fraction_fallback deseq2_nb_regime_combined_rank       0.9000000
                                                                                selected_reason
1  deseq2_nb_regime_cutoff_selected_from_full_raw_dataset_after_normalized_EVS_combined_ranking
2  deseq2_nb_regime_cutoff_selected_from_full_raw_dataset_after_normalized_EVS_combined_ranking
3  deseq2_nb_regime_cutoff_selected_from_full_raw_dataset_after_normalized_EVS_combined_ranking
4  deseq2_nb_regime_cutoff_selected_from_full_raw_dataset_after_normalized_EVS_combined_ranking
5  deseq2_nb_regime_cutoff_selected_from_full_raw_dataset_after_normalized_EVS_combined_ranking
6  deseq2_nb_regime_cutoff_selected_from_full_raw_dataset_after_normalized_EVS_combined_ranking
7  deseq2_nb_regime_cutoff_selected_from_full_raw_dataset_after_normalized_EVS_combined_ranking
8  deseq2_nb_regime_cutoff_selected_from_full_raw_dataset_after_normalized_EVS_combined_ranking
9  deseq2_nb_regime_cutoff_selected_from_full_raw_dataset_after_normalized_EVS_combined_ranking
10 deseq2_nb_regime_cutoff_selected_from_full_raw_dataset_after_normalized_EVS_combined_ranking
11 deseq2_nb_regime_cutoff_selected_from_full_raw_dataset_after_normalized_EVS_combined_ranking
12 deseq2_nb_regime_cutoff_selected_from_full_raw_dataset_after_normalized_EVS_combined_ranking
auto_push_exports = FALSE; skipping git commit/push.
