nohup: ignoring input
converting counts to integer mode
converting counts to integer mode
converting counts to integer mode
converting counts to integer mode

=====================================================
Running comparison: RT0_ZT6
=====================================================
[RT0_ZT6] raw rows: 31757
[RT0_ZT6] leading-edge rows: 15251
[RT0_ZT6] remainder rows: 16302
[RT0_ZT6][raw_dataset] rows=31757 cols=10
converting counts to integer mode
using 'apeglm' for LFC shrinkage. If used in published research, please cite:
    Zhu, A., Ibrahim, J.G., Love, M.I. (2018) Heavy-tailed prior distributions for
    sequence count data: removing the noise and preserving large differences.
    Bioinformatics. https://doi.org/10.1093/bioinformatics/bty895
[RT0_ZT6][leading_edge_dataset] rows=15251 cols=10
converting counts to integer mode
using 'apeglm' for LFC shrinkage. If used in published research, please cite:
    Zhu, A., Ibrahim, J.G., Love, M.I. (2018) Heavy-tailed prior distributions for
    sequence count data: removing the noise and preserving large differences.
    Bioinformatics. https://doi.org/10.1093/bioinformatics/bty895
Some rows did not converge in finding the MAP
[RT0_ZT6][remainder_dataset] rows=16302 cols=10
converting counts to integer mode
using 'apeglm' for LFC shrinkage. If used in published research, please cite:
    Zhu, A., Ibrahim, J.G., Love, M.I. (2018) Heavy-tailed prior distributions for
    sequence count data: removing the noise and preserving large differences.
    Bioinformatics. https://doi.org/10.1093/bioinformatics/bty895

=====================================================
Running comparison: RT2_ZT8
=====================================================
[RT2_ZT8] raw rows: 31757
[RT2_ZT8] leading-edge rows: 15183
[RT2_ZT8] remainder rows: 16351
[RT2_ZT8][raw_dataset] rows=31757 cols=10
converting counts to integer mode
using 'apeglm' for LFC shrinkage. If used in published research, please cite:
    Zhu, A., Ibrahim, J.G., Love, M.I. (2018) Heavy-tailed prior distributions for
    sequence count data: removing the noise and preserving large differences.
    Bioinformatics. https://doi.org/10.1093/bioinformatics/bty895
Some rows did not converge in finding the MAP
[RT2_ZT8][leading_edge_dataset] rows=15183 cols=10
converting counts to integer mode
using 'apeglm' for LFC shrinkage. If used in published research, please cite:
    Zhu, A., Ibrahim, J.G., Love, M.I. (2018) Heavy-tailed prior distributions for
    sequence count data: removing the noise and preserving large differences.
    Bioinformatics. https://doi.org/10.1093/bioinformatics/bty895
Some rows did not converge in finding the MAP
[RT2_ZT8][remainder_dataset] rows=16351 cols=10
converting counts to integer mode
using 'apeglm' for LFC shrinkage. If used in published research, please cite:
    Zhu, A., Ibrahim, J.G., Love, M.I. (2018) Heavy-tailed prior distributions for
    sequence count data: removing the noise and preserving large differences.
    Bioinformatics. https://doi.org/10.1093/bioinformatics/bty895

=====================================================
Running comparison: RT4_ZT10
=====================================================
[RT4_ZT10] raw rows: 31757
[RT4_ZT10] leading-edge rows: 15312
[RT4_ZT10] remainder rows: 16346
[RT4_ZT10][raw_dataset] rows=31757 cols=10
converting counts to integer mode
using 'apeglm' for LFC shrinkage. If used in published research, please cite:
    Zhu, A., Ibrahim, J.G., Love, M.I. (2018) Heavy-tailed prior distributions for
    sequence count data: removing the noise and preserving large differences.
    Bioinformatics. https://doi.org/10.1093/bioinformatics/bty895
[RT4_ZT10][leading_edge_dataset] rows=15312 cols=10
converting counts to integer mode
using 'apeglm' for LFC shrinkage. If used in published research, please cite:
    Zhu, A., Ibrahim, J.G., Love, M.I. (2018) Heavy-tailed prior distributions for
    sequence count data: removing the noise and preserving large differences.
    Bioinformatics. https://doi.org/10.1093/bioinformatics/bty895
[RT4_ZT10][remainder_dataset] rows=16346 cols=10
converting counts to integer mode
using 'apeglm' for LFC shrinkage. If used in published research, please cite:
    Zhu, A., Ibrahim, J.G., Love, M.I. (2018) Heavy-tailed prior distributions for
    sequence count data: removing the noise and preserving large differences.
    Bioinformatics. https://doi.org/10.1093/bioinformatics/bty895

=====================================================
Running comparison: RT8_ZT14
=====================================================
[RT8_ZT14] raw rows: 31757
[RT8_ZT14] leading-edge rows: 15117
[RT8_ZT14] remainder rows: 16463
[RT8_ZT14][raw_dataset] rows=31757 cols=10
converting counts to integer mode
using 'apeglm' for LFC shrinkage. If used in published research, please cite:
    Zhu, A., Ibrahim, J.G., Love, M.I. (2018) Heavy-tailed prior distributions for
    sequence count data: removing the noise and preserving large differences.
    Bioinformatics. https://doi.org/10.1093/bioinformatics/bty895
[RT8_ZT14][leading_edge_dataset] rows=15117 cols=10
converting counts to integer mode
using 'apeglm' for LFC shrinkage. If used in published research, please cite:
    Zhu, A., Ibrahim, J.G., Love, M.I. (2018) Heavy-tailed prior distributions for
    sequence count data: removing the noise and preserving large differences.
    Bioinformatics. https://doi.org/10.1093/bioinformatics/bty895
Some rows did not converge in finding the MAP
[RT8_ZT14][remainder_dataset] rows=16463 cols=10
converting counts to integer mode
using 'apeglm' for LFC shrinkage. If used in published research, please cite:
    Zhu, A., Ibrahim, J.G., Love, M.I. (2018) Heavy-tailed prior distributions for
    sequence count data: removing the noise and preserving large differences.
    Bioinformatics. https://doi.org/10.1093/bioinformatics/bty895
There were 50 or more warnings (use warnings() to see the first 50)

=====================================================
Pipeline complete.
Output directory:
/root/REAPER98632/exports/EVS_HBFSS_AllComparisons_Output 
=====================================================

   comparison_name                  dataset_name n_features hc_p_threshold
1          RT0_ZT6           RT0_ZT6_raw_dataset      31553   0.0005325461
2          RT0_ZT6  RT0_ZT6_leading_edge_dataset      15251   0.0124882197
3          RT0_ZT6     RT0_ZT6_remainder_dataset      16302   0.0843270220
4          RT2_ZT8           RT2_ZT8_raw_dataset      31534   0.0136775582
5          RT2_ZT8  RT2_ZT8_leading_edge_dataset      15183   0.0176139729
6          RT2_ZT8     RT2_ZT8_remainder_dataset      16351   0.0163902294
7         RT4_ZT10          RT4_ZT10_raw_dataset      31658   0.0223630002
8         RT4_ZT10 RT4_ZT10_leading_edge_dataset      15312   0.0361478689
9         RT4_ZT10    RT4_ZT10_remainder_dataset      16346   0.0132998574
10        RT8_ZT14          RT8_ZT14_raw_dataset      31580   0.0186581006
11        RT8_ZT14 RT8_ZT14_leading_edge_dataset      15117   0.0249431803
12        RT8_ZT14    RT8_ZT14_remainder_dataset      16463   0.0075797177
   hbfss_threshold n_standard_significant n_HBFSS_significant
1         3.273643                      3                  34
2         1.903499                      1                   6
3         1.074033                      2                 146
4         1.863991                      0                   8
5         1.754143                      0                   1
6         1.785415                      0                  15
7         1.650470                     39                1101
8         1.441917                      5                 185
9         1.876153                     72                 664
10        1.729133                      0                  77
11        1.603048                      0                   9
12        2.120347                      0                  63
   n_overlap_significant n_strong_effect n_weak_effect
1                      3               3          3469
2                      1               1             0
3                      2               2          4403
4                      0               0          7704
5                      0               0             0
6                      0               0          7574
7                     39              41          6128
8                      5               6             0
9                     72              73          6407
10                     0               0          8714
11                     0               0           311
12                     0               0          8628
                 evs_cutoff_mode_main   evs_selection_space trt_top_n_used
1  free_slope_changepoint_on_PC1_rank normalized_before_EVS           9338
2  free_slope_changepoint_on_PC1_rank normalized_before_EVS           9338
3  free_slope_changepoint_on_PC1_rank normalized_before_EVS           9338
4  free_slope_changepoint_on_PC1_rank normalized_before_EVS           9332
5  free_slope_changepoint_on_PC1_rank normalized_before_EVS           9332
6  free_slope_changepoint_on_PC1_rank normalized_before_EVS           9332
7  free_slope_changepoint_on_PC1_rank normalized_before_EVS           9369
8  free_slope_changepoint_on_PC1_rank normalized_before_EVS           9369
9  free_slope_changepoint_on_PC1_rank normalized_before_EVS           9369
10 free_slope_changepoint_on_PC1_rank normalized_before_EVS           9346
11 free_slope_changepoint_on_PC1_rank normalized_before_EVS           9346
12 free_slope_changepoint_on_PC1_rank normalized_before_EVS           9346
   ctrl_top_n_used                  trt_cutoff_method
1             9338 free_slope_changepoint_on_PC1_rank
2             9338 free_slope_changepoint_on_PC1_rank
3             9338 free_slope_changepoint_on_PC1_rank
4             9332 free_slope_changepoint_on_PC1_rank
5             9332 free_slope_changepoint_on_PC1_rank
6             9332 free_slope_changepoint_on_PC1_rank
7             9369 free_slope_changepoint_on_PC1_rank
8             9369 free_slope_changepoint_on_PC1_rank
9             9369 free_slope_changepoint_on_PC1_rank
10            9346 free_slope_changepoint_on_PC1_rank
11            9346 free_slope_changepoint_on_PC1_rank
12            9346 free_slope_changepoint_on_PC1_rank
                   ctrl_cutoff_method trt_cutoff_quantile ctrl_cutoff_quantile
1  free_slope_changepoint_on_PC1_rank           0.7040535            0.7040535
2  free_slope_changepoint_on_PC1_rank           0.7040535            0.7040535
3  free_slope_changepoint_on_PC1_rank           0.7040535            0.7040535
4  free_slope_changepoint_on_PC1_rank           0.7040655            0.7040655
5  free_slope_changepoint_on_PC1_rank           0.7040655            0.7040655
6  free_slope_changepoint_on_PC1_rank           0.7040655            0.7040655
7  free_slope_changepoint_on_PC1_rank           0.7040558            0.7040558
8  free_slope_changepoint_on_PC1_rank           0.7040558            0.7040558
9  free_slope_changepoint_on_PC1_rank           0.7040558            0.7040558
10 free_slope_changepoint_on_PC1_rank           0.7040532            0.7040532
11 free_slope_changepoint_on_PC1_rank           0.7040532            0.7040532
12 free_slope_changepoint_on_PC1_rank           0.7040532            0.7040532
                                                                         trt_selected_reason
1  free_slope_changepoint_selected_on_normalized_counts_then_mapped_to_raw_counts_for_DESeq2
2  free_slope_changepoint_selected_on_normalized_counts_then_mapped_to_raw_counts_for_DESeq2
3  free_slope_changepoint_selected_on_normalized_counts_then_mapped_to_raw_counts_for_DESeq2
4  free_slope_changepoint_selected_on_normalized_counts_then_mapped_to_raw_counts_for_DESeq2
5  free_slope_changepoint_selected_on_normalized_counts_then_mapped_to_raw_counts_for_DESeq2
6  free_slope_changepoint_selected_on_normalized_counts_then_mapped_to_raw_counts_for_DESeq2
7  free_slope_changepoint_selected_on_normalized_counts_then_mapped_to_raw_counts_for_DESeq2
8  free_slope_changepoint_selected_on_normalized_counts_then_mapped_to_raw_counts_for_DESeq2
9  free_slope_changepoint_selected_on_normalized_counts_then_mapped_to_raw_counts_for_DESeq2
10 free_slope_changepoint_selected_on_normalized_counts_then_mapped_to_raw_counts_for_DESeq2
11 free_slope_changepoint_selected_on_normalized_counts_then_mapped_to_raw_counts_for_DESeq2
12 free_slope_changepoint_selected_on_normalized_counts_then_mapped_to_raw_counts_for_DESeq2
                                                                        ctrl_selected_reason
1  free_slope_changepoint_selected_on_normalized_counts_then_mapped_to_raw_counts_for_DESeq2
2  free_slope_changepoint_selected_on_normalized_counts_then_mapped_to_raw_counts_for_DESeq2
3  free_slope_changepoint_selected_on_normalized_counts_then_mapped_to_raw_counts_for_DESeq2
4  free_slope_changepoint_selected_on_normalized_counts_then_mapped_to_raw_counts_for_DESeq2
5  free_slope_changepoint_selected_on_normalized_counts_then_mapped_to_raw_counts_for_DESeq2
6  free_slope_changepoint_selected_on_normalized_counts_then_mapped_to_raw_counts_for_DESeq2
7  free_slope_changepoint_selected_on_normalized_counts_then_mapped_to_raw_counts_for_DESeq2
8  free_slope_changepoint_selected_on_normalized_counts_then_mapped_to_raw_counts_for_DESeq2
9  free_slope_changepoint_selected_on_normalized_counts_then_mapped_to_raw_counts_for_DESeq2
10 free_slope_changepoint_selected_on_normalized_counts_then_mapped_to_raw_counts_for_DESeq2
11 free_slope_changepoint_selected_on_normalized_counts_then_mapped_to_raw_counts_for_DESeq2
12 free_slope_changepoint_selected_on_normalized_counts_then_mapped_to_raw_counts_for_DESeq2
[index.html 3f0735f] Auto-update pipeline outputs
 4 files changed, 0 insertions(+), 0 deletions(-)
 rewrite exports/EVS_HBFSS_AllComparisons_Output/RT0_ZT6/EVS_PCA_scatter_combined.png (90%)
 rewrite exports/EVS_HBFSS_AllComparisons_Output/RT2_ZT8/EVS_PCA_scatter_combined.png (89%)
 rewrite exports/EVS_HBFSS_AllComparisons_Output/RT4_ZT10/EVS_PCA_scatter_combined.png (90%)
 rewrite exports/EVS_HBFSS_AllComparisons_Output/RT8_ZT14/EVS_PCA_scatter_combined.png (89%)
To https://github.com/nick98632-lab/REAPER98632.git
 ! [rejected]        index.html -> index.html (fetch first)
error: failed to push some refs to 'https://github.com/nick98632-lab/REAPER98632.git'
hint: Updates were rejected because the remote contains work that you do
hint: not have locally. This is usually caused by another repository pushing
hint: to the same ref. You may want to first integrate the remote changes
hint: (e.g., 'git pull ...') before pushing again.
hint: See the 'Note about fast-forwards' in 'git push --help' for details.
Warning message:
Git push failed. Check authentication. 
